cargo :    Compiling byteorder v1.5.0
At line:1 char:1
+ cargo build --target wasm32-unknown-unknown 
--release 2>&1 | tee buil ...
+ ~~~~~~~~~~~~~~~~~~~~~~~~~~~~~~~~~~~~~~~~~~~~~~~~~~
~~~~~~~~
    + CategoryInfo          : NotSpecified: (   Com 
   piling byteorder v1.5.0:String) [], RemoteExcep  
  tion
    + FullyQualifiedErrorId : NativeCommandError
 
   Compiling syn v2.0.117
   Compiling escape-bytes v0.1.1
   Compiling static_assertions v1.1.0
   Compiling stable_deref_trait v1.2.1
   Compiling crypto-common v0.1.6
   Compiling block-buffer v0.10.4
   Compiling num-traits v0.2.19
   Compiling ethnum v1.5.2
   Compiling data-encoding v2.10.0
   Compiling num-bigint v0.4.6
error[E0463]: can't find crate for `core`
  |
  = note: the `wasm32-unknown-unknown` target may 
not be installed
  = help: consider downloading the target with 
`rustup target add wasm32-unknown-unknown`

For more information about this error, try `rustc 
--explain E0463`.
error: could not compile `byteorder` (lib) due to 1 
previous error
warning: build failed, waiting for other jobs to 
finish...
error: could not compile `escape-bytes` (lib) due 
to 1 previous error
error: could not compile `stable_deref_trait` (lib) 
due to 1 previous error
error: could not compile `static_assertions` (lib) 
due to 1 previous error
error: could not compile `num-traits` (lib) due to 
1 previous error
error: could not compile `ethnum` (lib) due to 1 
previous error
error: could not compile `data-encoding` (lib) due 
to 1 previous error
